2026-05-27 23:00:02,801    INFO | Running script with git hash 177944fe4ae3de88b128cad9054665bd843c9b3f
2026-05-27 23:00:02,801    INFO | Writing to file stub "Li-Li_2.90_sto-6g" in format "default".
2026-05-27 23:00:02,801    INFO | Contents of configuration file "/home/abhijith/Code/qhat/library_pilot/003-003_Li-Li/04q/sto-6g/Li-Li_2.90_sto-6g_as-002-002_bk.config":
general.print_verbose()
general.logfile = "Li-Li_2.90_sto-6g_as-002-002_bk.log"
general.file_stub = "Li-Li_2.90_sto-6g"
general.file_format = "default"
general.write_initial_state = False
L = 2.90000000
hamiltonian.add_atom("Li", -0.5 * L, 0.0, 0.0)
hamiltonian.add_atom("Li",  0.5 * L, 0.0, 0.0)
hamiltonian.basis = "sto-6g"
hamiltonian.num_active_occupied = 2
hamiltonian.num_active_vacant = 2
hamiltonian.f2q_mapping = "BK"
2026-05-27 23:00:02,801    INFO | Trying to load "Li-Li_2.90_sto-6g_as-002-002.pickle".
2026-05-27 23:00:02,801    INFO | Loaded "Li-Li_2.90_sto-6g_as-002-002.pickle". Continuing from after the active space is applied.
2026-05-27 23:00:02,801    INFO | Map fermionic operators to qubit operators.
2026-05-27 23:00:02,803    INFO | Generate sum of Pauli strings.
2026-05-27 23:00:02,803    INFO | metadata:
{  'Hartree-Fock energy (Hartrees)': -14.807331748439676,
   'basis set': 'sto-6g',
   'eigenvalue lower bound from shifted one-norm (Hartrees)': np.float64(-15.091320210930233),
   'eigenvalue upper bound from shifted one-norm (Hartrees)': np.float64(-14.204154562594278),
   'fermion-to-qubit operator mapping': 'bravyi-kitaev',
   'interatomic separation (angstroms)': 2.9,
   'number of active, occupied, single-occupancy orbitals': 2,
   'number of active, vacant, single-occupancy orbitals': 2,
   'number of frozen, occupied, single-occupancy orbitals': 4,
   'number of frozen, vacant, single-occupancy orbitals': 12,
   'number of qubits': 4,
   'number of terms in sum of Pauli strings': 15,
   'one-norm of sum of Pauli strings (Hartrees)': np.float64(15.091320210930233),
   'runtime for Hartree-Fock calculation (seconds)': 0.5251362323760986,
   'runtime for active space calculation (seconds)': 0.0007033348083496094,
   'runtime for fermion-to-qubit calculation (seconds)': 0.001401662826538086,
   'size of active space': 4}
2026-05-27 23:00:02,803    INFO | Save sum of Pauli strings to data file "Li-Li_2.90_sto-6g_as-002-002_bk.dat".
2026-05-27 23:00:02,804    INFO | Skipping initial state vector generation.
2026-05-27 23:00:02,804    INFO | Hamiltonian generation complete.
