2026-05-28 12:12:57,688    INFO | 
***************************************************************************************************
ANALYSIS DRIVER START
***************************************************************************************************
2026-05-28 12:12:57,689    INFO | Logfile: analysis.log
2026-05-28 12:12:57,689    INFO | Running script with git hash 60f5a099c1225e94fa9bf28d94ed36f11f7dee4a
2026-05-28 12:12:57,708    INFO | Loading Pauli string Hamiltonian from file "/private/var/folders/lc/1s7w6cb93g5bn5sr5q82xwjw000snd/T/pytest-of-bkkrueger/pytest-11/test_load_dense_format0/test_dense.txt".
2026-05-28 12:12:57,711    INFO | Loading Pauli string Hamiltonian from file "/private/var/folders/lc/1s7w6cb93g5bn5sr5q82xwjw000snd/T/pytest-of-bkkrueger/pytest-11/test_load_sparse_format0/test_sparse.dat".
2026-05-28 12:12:57,713    INFO | Loading Pauli string Hamiltonian from file "/private/var/folders/lc/1s7w6cb93g5bn5sr5q82xwjw000snd/T/pytest-of-bkkrueger/pytest-11/test_load_empty_lines_and_comm0/test_comments.txt".
2026-05-28 12:12:57,715    INFO | Loading Pauli string Hamiltonian from file "/private/var/folders/lc/1s7w6cb93g5bn5sr5q82xwjw000snd/T/pytest-of-bkkrueger/pytest-11/test_inconsistent_qubit_count_0/test_inconsistent.txt".
2026-05-28 12:12:57,717    INFO | Loading Pauli string Hamiltonian from file "/private/var/folders/lc/1s7w6cb93g5bn5sr5q82xwjw000snd/T/pytest-of-bkkrueger/pytest-11/test_mixed_format_raises_error0/test_mixed.txt".
2026-05-28 12:12:57,720    INFO | Loading Pauli string Hamiltonian from file "/private/var/folders/lc/1s7w6cb93g5bn5sr5q82xwjw000snd/T/pytest-of-bkkrueger/pytest-11/test_load_json_format0/test.json".
2026-05-28 12:12:57,722    INFO | Loading Pauli string Hamiltonian from file "/private/var/folders/lc/1s7w6cb93g5bn5sr5q82xwjw000snd/T/pytest-of-bkkrueger/pytest-11/test_json_missing_n_qubits0/test.json".
2026-05-28 12:12:57,724    INFO | Loading Pauli string Hamiltonian from file "/private/var/folders/lc/1s7w6cb93g5bn5sr5q82xwjw000snd/T/pytest-of-bkkrueger/pytest-11/test_json_missing_terms0/test.json".
2026-05-28 12:12:57,726    INFO | Loading Pauli string Hamiltonian from file "/private/var/folders/lc/1s7w6cb93g5bn5sr5q82xwjw000snd/T/pytest-of-bkkrueger/pytest-11/test_json_term_missing_fields0/test.json".
2026-05-28 12:12:57,729    INFO | Loading Pauli string Hamiltonian from file "/private/var/folders/lc/1s7w6cb93g5bn5sr5q82xwjw000snd/T/pytest-of-bkkrueger/pytest-11/test_real_coefficients_pass0/test_real.txt".
2026-05-28 12:12:57,731    INFO | Loading Pauli string Hamiltonian from file "/private/var/folders/lc/1s7w6cb93g5bn5sr5q82xwjw000snd/T/pytest-of-bkkrueger/pytest-11/test_small_imaginary_passes0/test_small_imag.txt".
2026-05-28 12:12:57,733    INFO | Loading Pauli string Hamiltonian from file "/private/var/folders/lc/1s7w6cb93g5bn5sr5q82xwjw000snd/T/pytest-of-bkkrueger/pytest-11/test_large_imaginary_fails0/test_large_imag.txt".
2026-05-28 12:12:57,735    INFO | Loading Pauli string Hamiltonian from file "/private/var/folders/lc/1s7w6cb93g5bn5sr5q82xwjw000snd/T/pytest-of-bkkrueger/pytest-11/test_relative_tolerance_small_0/test_small_coef.txt".
2026-05-28 12:12:57,738    INFO | Loading Pauli string Hamiltonian from file "/private/var/folders/lc/1s7w6cb93g5bn5sr5q82xwjw000snd/T/pytest-of-bkkrueger/pytest-11/test_converted_to_float0/test_float.txt".
2026-05-28 12:12:57,740    INFO | Loading Pauli string Hamiltonian from file "/private/var/folders/lc/1s7w6cb93g5bn5sr5q82xwjw000snd/T/pytest-of-bkkrueger/pytest-11/test_get_all_pauli_strings_tup0/test_ham.txt".
2026-05-28 12:12:57,742    INFO | Loading Pauli string Hamiltonian from file "/private/var/folders/lc/1s7w6cb93g5bn5sr5q82xwjw000snd/T/pytest-of-bkkrueger/pytest-11/test_get_all_pauli_strings_str0/test_ham.txt".
2026-05-28 12:12:57,744    INFO | Loading Pauli string Hamiltonian from file "/private/var/folders/lc/1s7w6cb93g5bn5sr5q82xwjw000snd/T/pytest-of-bkkrueger/pytest-11/test_energy_bounds0/test_ham.txt".
2026-05-28 12:12:57,744    INFO | Computing initial energy bounds.
2026-05-28 12:12:57,746    INFO | Loading Pauli string Hamiltonian from file "/private/var/folders/lc/1s7w6cb93g5bn5sr5q82xwjw000snd/T/pytest-of-bkkrueger/pytest-11/test_energy_shift0/test_ham.txt".
2026-05-28 12:12:57,748    INFO | Loading Pauli string Hamiltonian from file "/private/var/folders/lc/1s7w6cb93g5bn5sr5q82xwjw000snd/T/pytest-of-bkkrueger/pytest-11/test_get_grouped_terms0/test_ham.txt".
2026-05-28 12:12:57,750    INFO | Loading Pauli string Hamiltonian from file "/private/var/folders/lc/1s7w6cb93g5bn5sr5q82xwjw000snd/T/pytest-of-bkkrueger/pytest-11/test_get_core_operator0/test_ham.txt".
2026-05-28 12:12:57,753    INFO | Loading Pauli string Hamiltonian from file "/private/var/folders/lc/1s7w6cb93g5bn5sr5q82xwjw000snd/T/pytest-of-bkkrueger/pytest-11/test_single_qubit0/test_1q.txt".
2026-05-28 12:12:57,755    INFO | Loading Pauli string Hamiltonian from file "/private/var/folders/lc/1s7w6cb93g5bn5sr5q82xwjw000snd/T/pytest-of-bkkrueger/pytest-11/test_large_qubit_count0/test_10q.txt".
2026-05-28 12:12:57,757    INFO | Loading Pauli string Hamiltonian from file "/private/var/folders/lc/1s7w6cb93g5bn5sr5q82xwjw000snd/T/pytest-of-bkkrueger/pytest-11/test_only_identity0/test_identity.txt".
2026-05-28 12:12:57,759    INFO | Loading Pauli string Hamiltonian from file "/private/var/folders/lc/1s7w6cb93g5bn5sr5q82xwjw000snd/T/pytest-of-bkkrueger/pytest-11/test_no_identity_term0/test_no_identity.txt".
2026-05-28 12:12:57,761    INFO | Loading Pauli string Hamiltonian from file "/private/var/folders/lc/1s7w6cb93g5bn5sr5q82xwjw000snd/T/pytest-of-bkkrueger/pytest-11/test_json_complex_hamiltonian0/test_complex.json".
2026-05-28 12:12:57,763    INFO | Loading Pauli string Hamiltonian from file "/private/var/folders/lc/1s7w6cb93g5bn5sr5q82xwjw000snd/T/pytest-of-bkkrueger/pytest-11/test_invalid_extension0/test.xyz".
2026-05-28 12:12:57,765    INFO | Loading Pauli string Hamiltonian from file "/Users/bkkrueger/research/quantum_computing/lisdi-qre/qhat/clone/qhat/analysis/tests/data_pauli.json".
2026-05-28 12:12:58,652    INFO | Computing qubit count for exp(-i * 1.0 * XY * 1.0 / 1.0) from its decomposition
2026-05-28 12:12:58,661    INFO | Computing qubit count for (+XY)**0.6366197723675814 from its decomposition
2026-05-28 12:12:58,664    INFO | Computing qubit count for cirq.CliffordGate.from_clifford_tableau(cirq.CliffordTableau(1,rs=np.array([False, True], dtype=np.dtype('bool')), xs=np.array([[False], [True]], dtype=np.dtype('bool')),zs=np.array([[True], [False]], dtype=np.dtype('bool')), initial_state=0)) from its decomposition
2026-05-28 12:12:58,664    INFO | Computing qubit count for Y**-0.5 from signature
2026-05-28 12:12:58,664    INFO | Computed qubit count for Y**-0.5 in 0.000169942 s
2026-05-28 12:12:58,664    INFO | Computed qubit count for cirq.CliffordGate.from_clifford_tableau(cirq.CliffordTableau(1,rs=np.array([False, True], dtype=np.dtype('bool')), xs=np.array([[False], [True]], dtype=np.dtype('bool')),zs=np.array([[True], [False]], dtype=np.dtype('bool')), initial_state=0)) in 0.00247083 s
2026-05-28 12:12:58,666    INFO | Computing qubit count for cirq.CliffordGate.from_clifford_tableau(cirq.CliffordTableau(1,rs=np.array([False, True], dtype=np.dtype('bool')), xs=np.array([[True], [True]], dtype=np.dtype('bool')),zs=np.array([[False], [True]], dtype=np.dtype('bool')), initial_state=0)) from its decomposition
2026-05-28 12:12:58,667    INFO | Computing qubit count for X**0.5 from signature
2026-05-28 12:12:58,667    INFO | Computed qubit count for X**0.5 in 0.000169235 s
2026-05-28 12:12:58,667    INFO | Computed qubit count for cirq.CliffordGate.from_clifford_tableau(cirq.CliffordTableau(1,rs=np.array([False, True], dtype=np.dtype('bool')), xs=np.array([[True], [True]], dtype=np.dtype('bool')),zs=np.array([[False], [True]], dtype=np.dtype('bool')), initial_state=0)) in 0.00229349 s
2026-05-28 12:12:58,668    INFO | Computing qubit count for CNOT from signature
2026-05-28 12:12:58,668    INFO | Computed qubit count for CNOT in 0.000173148 s
2026-05-28 12:12:58,668    INFO | Computing qubit count for Z**0.6366197723675814 from signature
2026-05-28 12:12:58,668    INFO | Computed qubit count for Z**0.6366197723675814 in 0.000159388 s
2026-05-28 12:12:58,669    INFO | Computing qubit count for cirq.CliffordGate.from_clifford_tableau(cirq.CliffordTableau(1,rs=np.array([False, False], dtype=np.dtype('bool')), xs=np.array([[True], [True]], dtype=np.dtype('bool')),zs=np.array([[False], [True]], dtype=np.dtype('bool')), initial_state=0)) from its decomposition
2026-05-28 12:12:58,670    INFO | Computing qubit count for X**-0.5 from signature
2026-05-28 12:12:58,670    INFO | Computed qubit count for X**-0.5 in 0.000166645 s
2026-05-28 12:12:58,670    INFO | Computed qubit count for cirq.CliffordGate.from_clifford_tableau(cirq.CliffordTableau(1,rs=np.array([False, False], dtype=np.dtype('bool')), xs=np.array([[True], [True]], dtype=np.dtype('bool')),zs=np.array([[False], [True]], dtype=np.dtype('bool')), initial_state=0)) in 0.00198009 s
2026-05-28 12:12:58,672    INFO | Computing qubit count for cirq.CliffordGate.from_clifford_tableau(cirq.CliffordTableau(1,rs=np.array([True, False], dtype=np.dtype('bool')), xs=np.array([[False], [True]], dtype=np.dtype('bool')),zs=np.array([[True], [False]], dtype=np.dtype('bool')), initial_state=0)) from its decomposition
2026-05-28 12:12:58,672    INFO | Computing qubit count for Y**0.5 from signature
2026-05-28 12:12:58,673    INFO | Computed qubit count for Y**0.5 in 0.000180184 s
2026-05-28 12:12:58,673    INFO | Computed qubit count for cirq.CliffordGate.from_clifford_tableau(cirq.CliffordTableau(1,rs=np.array([True, False], dtype=np.dtype('bool')), xs=np.array([[False], [True]], dtype=np.dtype('bool')),zs=np.array([[True], [False]], dtype=np.dtype('bool')), initial_state=0)) in 0.00216135 s
2026-05-28 12:12:58,673    INFO | Computed qubit count for (+XY)**0.6366197723675814 in 0.0202103 s
2026-05-28 12:12:58,673    INFO | Computed qubit count for exp(-i * 1.0 * XY * 1.0 / 1.0) in 0.0214917 s
2026-05-28 12:12:58,708    INFO | Computing qubit count for exp(-i * 1.0 * XY * 1.0 / 1.0) from its decomposition
2026-05-28 12:12:58,714    INFO | Computing qubit count for (+XY)**0.6366197723675814 from its decomposition
2026-05-28 12:12:58,715    INFO | Computing qubit count for cirq.CliffordGate.from_clifford_tableau(cirq.CliffordTableau(1,rs=np.array([False, True], dtype=np.dtype('bool')), xs=np.array([[False], [True]], dtype=np.dtype('bool')),zs=np.array([[True], [False]], dtype=np.dtype('bool')), initial_state=0)) from its decomposition
2026-05-28 12:12:58,715    INFO | Computing qubit count for Y**-0.5 from signature
2026-05-28 12:12:58,715    INFO | Computed qubit count for Y**-0.5 in 0.000132225 s
2026-05-28 12:12:58,715    INFO | Computed qubit count for cirq.CliffordGate.from_clifford_tableau(cirq.CliffordTableau(1,rs=np.array([False, True], dtype=np.dtype('bool')), xs=np.array([[False], [True]], dtype=np.dtype('bool')),zs=np.array([[True], [False]], dtype=np.dtype('bool')), initial_state=0)) in 0.00154143 s
2026-05-28 12:12:58,717    INFO | Computing qubit count for cirq.CliffordGate.from_clifford_tableau(cirq.CliffordTableau(1,rs=np.array([False, True], dtype=np.dtype('bool')), xs=np.array([[True], [True]], dtype=np.dtype('bool')),zs=np.array([[False], [True]], dtype=np.dtype('bool')), initial_state=0)) from its decomposition
2026-05-28 12:12:58,717    INFO | Computing qubit count for X**0.5 from signature
2026-05-28 12:12:58,718    INFO | Computed qubit count for X**0.5 in 0.000131736 s
2026-05-28 12:12:58,718    INFO | Computed qubit count for cirq.CliffordGate.from_clifford_tableau(cirq.CliffordTableau(1,rs=np.array([False, True], dtype=np.dtype('bool')), xs=np.array([[True], [True]], dtype=np.dtype('bool')),zs=np.array([[False], [True]], dtype=np.dtype('bool')), initial_state=0)) in 0.00199371 s
2026-05-28 12:12:58,718    INFO | Computing qubit count for CNOT from signature
2026-05-28 12:12:58,718    INFO | Computed qubit count for CNOT in 0.000130298 s
2026-05-28 12:12:58,718    INFO | Computing qubit count for Z**0.6366197723675814 from signature
2026-05-28 12:12:58,718    INFO | Computed qubit count for Z**0.6366197723675814 in 0.000121351 s
2026-05-28 12:12:58,719    INFO | Computing qubit count for cirq.CliffordGate.from_clifford_tableau(cirq.CliffordTableau(1,rs=np.array([False, False], dtype=np.dtype('bool')), xs=np.array([[True], [True]], dtype=np.dtype('bool')),zs=np.array([[False], [True]], dtype=np.dtype('bool')), initial_state=0)) from its decomposition
2026-05-28 12:12:58,720    INFO | Computing qubit count for X**-0.5 from signature
2026-05-28 12:12:58,720    INFO | Computed qubit count for X**-0.5 in 0.000130933 s
2026-05-28 12:12:58,720    INFO | Computed qubit count for cirq.CliffordGate.from_clifford_tableau(cirq.CliffordTableau(1,rs=np.array([False, False], dtype=np.dtype('bool')), xs=np.array([[True], [True]], dtype=np.dtype('bool')),zs=np.array([[False], [True]], dtype=np.dtype('bool')), initial_state=0)) in 0.0015472 s
2026-05-28 12:12:58,722    INFO | Computing qubit count for cirq.CliffordGate.from_clifford_tableau(cirq.CliffordTableau(1,rs=np.array([True, False], dtype=np.dtype('bool')), xs=np.array([[False], [True]], dtype=np.dtype('bool')),zs=np.array([[True], [False]], dtype=np.dtype('bool')), initial_state=0)) from its decomposition
2026-05-28 12:12:58,722    INFO | Computing qubit count for Y**0.5 from signature
2026-05-28 12:12:58,722    INFO | Computed qubit count for Y**0.5 in 0.000134039 s
2026-05-28 12:12:58,723    INFO | Computed qubit count for cirq.CliffordGate.from_clifford_tableau(cirq.CliffordTableau(1,rs=np.array([True, False], dtype=np.dtype('bool')), xs=np.array([[False], [True]], dtype=np.dtype('bool')),zs=np.array([[True], [False]], dtype=np.dtype('bool')), initial_state=0)) in 0.00196949 s
2026-05-28 12:12:58,723    INFO | Computed qubit count for (+XY)**0.6366197723675814 in 0.0142247 s
2026-05-28 12:12:58,723    INFO | Computed qubit count for exp(-i * 1.0 * XY * 1.0 / 1.0) in 0.0153416 s
2026-05-28 12:12:58,725    INFO | Computing qubit count for exp(-i * 1.0 * XY * 1.0 / 1.0) from its decomposition
2026-05-28 12:12:58,731    INFO | Computing qubit count for (+XY)**0.6366197723675814 from its decomposition
2026-05-28 12:12:58,734    INFO | Computing qubit count for cirq.CliffordGate.from_clifford_tableau(cirq.CliffordTableau(1,rs=np.array([False, True], dtype=np.dtype('bool')), xs=np.array([[False], [True]], dtype=np.dtype('bool')),zs=np.array([[True], [False]], dtype=np.dtype('bool')), initial_state=0)) from its decomposition
2026-05-28 12:12:58,734    INFO | Computing qubit count for Y**-0.5 from signature
2026-05-28 12:12:58,734    INFO | Computed qubit count for Y**-0.5 in 0.000138019 s
2026-05-28 12:12:58,734    INFO | Computed qubit count for cirq.CliffordGate.from_clifford_tableau(cirq.CliffordTableau(1,rs=np.array([False, True], dtype=np.dtype('bool')), xs=np.array([[False], [True]], dtype=np.dtype('bool')),zs=np.array([[True], [False]], dtype=np.dtype('bool')), initial_state=0)) in 0.00247726 s
2026-05-28 12:12:58,736    INFO | Computing qubit count for cirq.CliffordGate.from_clifford_tableau(cirq.CliffordTableau(1,rs=np.array([False, True], dtype=np.dtype('bool')), xs=np.array([[True], [True]], dtype=np.dtype('bool')),zs=np.array([[False], [True]], dtype=np.dtype('bool')), initial_state=0)) from its decomposition
2026-05-28 12:12:58,736    INFO | Computing qubit count for X**0.5 from signature
2026-05-28 12:12:58,736    INFO | Computed qubit count for X**0.5 in 0.000206628 s
2026-05-28 12:12:58,737    INFO | Computed qubit count for cirq.CliffordGate.from_clifford_tableau(cirq.CliffordTableau(1,rs=np.array([False, True], dtype=np.dtype('bool')), xs=np.array([[True], [True]], dtype=np.dtype('bool')),zs=np.array([[False], [True]], dtype=np.dtype('bool')), initial_state=0)) in 0.00179574 s
2026-05-28 12:12:58,737    INFO | Computing qubit count for CNOT from signature
2026-05-28 12:12:58,737    INFO | Computed qubit count for CNOT in 0.00014119 s
2026-05-28 12:12:58,737    INFO | Computing qubit count for Z**0.6366197723675814 from signature
2026-05-28 12:12:58,737    INFO | Computed qubit count for Z**0.6366197723675814 in 0.000128453 s
2026-05-28 12:12:58,739    INFO | Computing qubit count for cirq.CliffordGate.from_clifford_tableau(cirq.CliffordTableau(1,rs=np.array([False, False], dtype=np.dtype('bool')), xs=np.array([[True], [True]], dtype=np.dtype('bool')),zs=np.array([[False], [True]], dtype=np.dtype('bool')), initial_state=0)) from its decomposition
2026-05-28 12:12:58,739    INFO | Computing qubit count for X**-0.5 from signature
2026-05-28 12:12:58,739    INFO | Computed qubit count for X**-0.5 in 0.000151601 s
2026-05-28 12:12:58,739    INFO | Computed qubit count for cirq.CliffordGate.from_clifford_tableau(cirq.CliffordTableau(1,rs=np.array([False, False], dtype=np.dtype('bool')), xs=np.array([[True], [True]], dtype=np.dtype('bool')),zs=np.array([[False], [True]], dtype=np.dtype('bool')), initial_state=0)) in 0.0018443 s
2026-05-28 12:12:58,741    INFO | Computing qubit count for cirq.CliffordGate.from_clifford_tableau(cirq.CliffordTableau(1,rs=np.array([True, False], dtype=np.dtype('bool')), xs=np.array([[False], [True]], dtype=np.dtype('bool')),zs=np.array([[True], [False]], dtype=np.dtype('bool')), initial_state=0)) from its decomposition
2026-05-28 12:12:58,742    INFO | Computing qubit count for Y**0.5 from signature
2026-05-28 12:12:58,742    INFO | Computed qubit count for Y**0.5 in 0.000163439 s
2026-05-28 12:12:58,742    INFO | Computed qubit count for cirq.CliffordGate.from_clifford_tableau(cirq.CliffordTableau(1,rs=np.array([True, False], dtype=np.dtype('bool')), xs=np.array([[False], [True]], dtype=np.dtype('bool')),zs=np.array([[True], [False]], dtype=np.dtype('bool')), initial_state=0)) in 0.00228432 s
2026-05-28 12:12:58,742    INFO | Computed qubit count for (+XY)**0.6366197723675814 in 0.0165988 s
2026-05-28 12:12:58,742    INFO | Computed qubit count for exp(-i * 1.0 * XY * 1.0 / 1.0) in 0.0176706 s
2026-05-28 12:12:58,744    INFO | Computing qubit count for exp(-i * 1.0 * XYZ * 1.0 / 1.0) from its decomposition
2026-05-28 12:12:58,754    INFO | Computing qubit count for (+XYZ)**0.6366197723675814 from its decomposition
2026-05-28 12:12:58,755    INFO | Computing qubit count for cirq.CliffordGate.from_clifford_tableau(cirq.CliffordTableau(1,rs=np.array([False, True], dtype=np.dtype('bool')), xs=np.array([[False], [True]], dtype=np.dtype('bool')),zs=np.array([[True], [False]], dtype=np.dtype('bool')), initial_state=0)) from its decomposition
2026-05-28 12:12:58,756    INFO | Computing qubit count for Y**-0.5 from signature
2026-05-28 12:12:58,756    INFO | Computed qubit count for Y**-0.5 in 0.00016965 s
2026-05-28 12:12:58,756    INFO | Computed qubit count for cirq.CliffordGate.from_clifford_tableau(cirq.CliffordTableau(1,rs=np.array([False, True], dtype=np.dtype('bool')), xs=np.array([[False], [True]], dtype=np.dtype('bool')),zs=np.array([[True], [False]], dtype=np.dtype('bool')), initial_state=0)) in 0.00192632 s
2026-05-28 12:12:58,758    INFO | Computing qubit count for cirq.CliffordGate.from_clifford_tableau(cirq.CliffordTableau(1,rs=np.array([False, True], dtype=np.dtype('bool')), xs=np.array([[True], [True]], dtype=np.dtype('bool')),zs=np.array([[False], [True]], dtype=np.dtype('bool')), initial_state=0)) from its decomposition
2026-05-28 12:12:58,759    INFO | Computing qubit count for X**0.5 from signature
2026-05-28 12:12:58,759    INFO | Computed qubit count for X**0.5 in 0.00019409 s
2026-05-28 12:12:58,759    INFO | Computed qubit count for cirq.CliffordGate.from_clifford_tableau(cirq.CliffordTableau(1,rs=np.array([False, True], dtype=np.dtype('bool')), xs=np.array([[True], [True]], dtype=np.dtype('bool')),zs=np.array([[False], [True]], dtype=np.dtype('bool')), initial_state=0)) in 0.00241997 s
2026-05-28 12:12:58,760    INFO | Computing qubit count for cirq.CliffordGate.from_clifford_tableau(cirq.CliffordTableau(1,rs=np.array([False, False], dtype=np.dtype('bool')), xs=np.array([[True], [False]], dtype=np.dtype('bool')),zs=np.array([[False], [True]], dtype=np.dtype('bool')), initial_state=0)) from signature
2026-05-28 12:12:58,760    INFO | Computed qubit count for cirq.CliffordGate.from_clifford_tableau(cirq.CliffordTableau(1,rs=np.array([False, False], dtype=np.dtype('bool')), xs=np.array([[True], [False]], dtype=np.dtype('bool')),zs=np.array([[False], [True]], dtype=np.dtype('bool')), initial_state=0)) in 0.00090275 s
2026-05-28 12:12:58,760    INFO | Computing qubit count for CNOT from signature
2026-05-28 12:12:58,761    INFO | Computed qubit count for CNOT in 0.000170525 s
2026-05-28 12:12:58,761    INFO | Computing qubit count for Z**0.6366197723675814 from signature
2026-05-28 12:12:58,761    INFO | Computed qubit count for Z**0.6366197723675814 in 0.000152256 s
2026-05-28 12:12:58,762    INFO | Computing qubit count for cirq.CliffordGate.from_clifford_tableau(cirq.CliffordTableau(1,rs=np.array([False, False], dtype=np.dtype('bool')), xs=np.array([[True], [True]], dtype=np.dtype('bool')),zs=np.array([[False], [True]], dtype=np.dtype('bool')), initial_state=0)) from its decomposition
2026-05-28 12:12:58,763    INFO | Computing qubit count for X**-0.5 from signature
2026-05-28 12:12:58,763    INFO | Computed qubit count for X**-0.5 in 0.000167876 s
2026-05-28 12:12:58,763    INFO | Computed qubit count for cirq.CliffordGate.from_clifford_tableau(cirq.CliffordTableau(1,rs=np.array([False, False], dtype=np.dtype('bool')), xs=np.array([[True], [True]], dtype=np.dtype('bool')),zs=np.array([[False], [True]], dtype=np.dtype('bool')), initial_state=0)) in 0.00209135 s
2026-05-28 12:12:58,765    INFO | Computing qubit count for cirq.CliffordGate.from_clifford_tableau(cirq.CliffordTableau(1,rs=np.array([True, False], dtype=np.dtype('bool')), xs=np.array([[False], [True]], dtype=np.dtype('bool')),zs=np.array([[True], [False]], dtype=np.dtype('bool')), initial_state=0)) from its decomposition
2026-05-28 12:12:58,765    INFO | Computing qubit count for Y**0.5 from signature
2026-05-28 12:12:58,765    INFO | Computed qubit count for Y**0.5 in 0.000163928 s
2026-05-28 12:12:58,765    INFO | Computed qubit count for cirq.CliffordGate.from_clifford_tableau(cirq.CliffordTableau(1,rs=np.array([True, False], dtype=np.dtype('bool')), xs=np.array([[False], [True]], dtype=np.dtype('bool')),zs=np.array([[True], [False]], dtype=np.dtype('bool')), initial_state=0)) in 0.00191094 s
2026-05-28 12:12:58,766    INFO | Computed qubit count for (+XYZ)**0.6366197723675814 in 0.0210882 s
2026-05-28 12:12:58,766    INFO | Computed qubit count for exp(-i * 1.0 * XYZ * 1.0 / 1.0) in 0.0219899 s
2026-05-28 12:12:58,768    INFO | Computing qubit count for exp(-i * 1.0 * XYZI * 1.0 / 1.0) from its decomposition
2026-05-28 12:12:58,779    INFO | Computing qubit count for (+XYZI)**0.6366197723675814 from its decomposition
2026-05-28 12:12:58,781    INFO | Computing qubit count for cirq.CliffordGate.from_clifford_tableau(cirq.CliffordTableau(1,rs=np.array([False, True], dtype=np.dtype('bool')), xs=np.array([[False], [True]], dtype=np.dtype('bool')),zs=np.array([[True], [False]], dtype=np.dtype('bool')), initial_state=0)) from its decomposition
2026-05-28 12:12:58,781    INFO | Computing qubit count for Y**-0.5 from signature
2026-05-28 12:12:58,781    INFO | Computed qubit count for Y**-0.5 in 0.000162313 s
2026-05-28 12:12:58,781    INFO | Computed qubit count for cirq.CliffordGate.from_clifford_tableau(cirq.CliffordTableau(1,rs=np.array([False, True], dtype=np.dtype('bool')), xs=np.array([[False], [True]], dtype=np.dtype('bool')),zs=np.array([[True], [False]], dtype=np.dtype('bool')), initial_state=0)) in 0.00195346 s
2026-05-28 12:12:58,783    INFO | Computing qubit count for cirq.CliffordGate.from_clifford_tableau(cirq.CliffordTableau(1,rs=np.array([False, True], dtype=np.dtype('bool')), xs=np.array([[True], [True]], dtype=np.dtype('bool')),zs=np.array([[False], [True]], dtype=np.dtype('bool')), initial_state=0)) from its decomposition
2026-05-28 12:12:58,784    INFO | Computing qubit count for X**0.5 from signature
2026-05-28 12:12:58,784    INFO | Computed qubit count for X**0.5 in 0.000162976 s
2026-05-28 12:12:58,784    INFO | Computed qubit count for cirq.CliffordGate.from_clifford_tableau(cirq.CliffordTableau(1,rs=np.array([False, True], dtype=np.dtype('bool')), xs=np.array([[True], [True]], dtype=np.dtype('bool')),zs=np.array([[False], [True]], dtype=np.dtype('bool')), initial_state=0)) in 0.00257225 s
2026-05-28 12:12:58,785    INFO | Computing qubit count for cirq.CliffordGate.from_clifford_tableau(cirq.CliffordTableau(1,rs=np.array([False, False], dtype=np.dtype('bool')), xs=np.array([[True], [False]], dtype=np.dtype('bool')),zs=np.array([[False], [True]], dtype=np.dtype('bool')), initial_state=0)) from signature
2026-05-28 12:12:58,785    INFO | Computed qubit count for cirq.CliffordGate.from_clifford_tableau(cirq.CliffordTableau(1,rs=np.array([False, False], dtype=np.dtype('bool')), xs=np.array([[True], [False]], dtype=np.dtype('bool')),zs=np.array([[False], [True]], dtype=np.dtype('bool')), initial_state=0)) in 0.000657384 s
2026-05-28 12:12:58,785    INFO | Computing qubit count for CNOT from signature
2026-05-28 12:12:58,786    INFO | Computed qubit count for CNOT in 0.000162335 s
2026-05-28 12:12:58,786    INFO | Computing qubit count for Z**0.6366197723675814 from signature
2026-05-28 12:12:58,786    INFO | Computed qubit count for Z**0.6366197723675814 in 0.000154365 s
2026-05-28 12:12:58,787    INFO | Computing qubit count for cirq.CliffordGate.from_clifford_tableau(cirq.CliffordTableau(1,rs=np.array([False, False], dtype=np.dtype('bool')), xs=np.array([[True], [True]], dtype=np.dtype('bool')),zs=np.array([[False], [True]], dtype=np.dtype('bool')), initial_state=0)) from its decomposition
2026-05-28 12:12:58,788    INFO | Computing qubit count for X**-0.5 from signature
2026-05-28 12:12:58,788    INFO | Computed qubit count for X**-0.5 in 0.000176687 s
2026-05-28 12:12:58,788    INFO | Computed qubit count for cirq.CliffordGate.from_clifford_tableau(cirq.CliffordTableau(1,rs=np.array([False, False], dtype=np.dtype('bool')), xs=np.array([[True], [True]], dtype=np.dtype('bool')),zs=np.array([[False], [True]], dtype=np.dtype('bool')), initial_state=0)) in 0.00198268 s
2026-05-28 12:12:58,790    INFO | Computing qubit count for cirq.CliffordGate.from_clifford_tableau(cirq.CliffordTableau(1,rs=np.array([True, False], dtype=np.dtype('bool')), xs=np.array([[False], [True]], dtype=np.dtype('bool')),zs=np.array([[True], [False]], dtype=np.dtype('bool')), initial_state=0)) from its decomposition
2026-05-28 12:12:58,790    INFO | Computing qubit count for Y**0.5 from signature
2026-05-28 12:12:58,790    INFO | Computed qubit count for Y**0.5 in 0.000197678 s
2026-05-28 12:12:58,791    INFO | Computed qubit count for cirq.CliffordGate.from_clifford_tableau(cirq.CliffordTableau(1,rs=np.array([True, False], dtype=np.dtype('bool')), xs=np.array([[False], [True]], dtype=np.dtype('bool')),zs=np.array([[True], [False]], dtype=np.dtype('bool')), initial_state=0)) in 0.0020381 s
2026-05-28 12:12:58,791    INFO | Computed qubit count for (+XYZI)**0.6366197723675814 in 0.0225552 s
2026-05-28 12:12:58,791    INFO | Computed qubit count for exp(-i * 1.0 * XYZI * 1.0 / 1.0) in 0.0235057 s
