2026-05-27 22:59:41,262    INFO | Running script with git hash 177944fe4ae3de88b128cad9054665bd843c9b3f
2026-05-27 22:59:41,262    INFO | Writing to file stub "Mg-Mg_3.00_sto-6g" in format "default".
2026-05-27 22:59:41,263    INFO | Contents of configuration file "/home/abhijith/Code/qhat/library_pilot/012-012_Mg-Mg/30q/sto-6g/Mg-Mg_3.00_sto-6g_as-018-012_jw.config":
general.print_verbose()
general.logfile = "Mg-Mg_3.00_sto-6g_as-018-012_jw.log"
general.file_stub = "Mg-Mg_3.00_sto-6g"
general.file_format = "default"
general.write_initial_state = False
L = 3.00000000
hamiltonian.add_atom("Mg", -0.5 * L, 0.0, 0.0)
hamiltonian.add_atom("Mg",  0.5 * L, 0.0, 0.0)
hamiltonian.basis = "sto-6g"
hamiltonian.num_active_occupied = 18
hamiltonian.num_active_vacant = 12
hamiltonian.f2q_mapping = "JW"
2026-05-27 22:59:41,263    INFO | Trying to load "Mg-Mg_3.00_sto-6g_as-018-012.pickle".
2026-05-27 22:59:41,263    INFO | Could not load "Mg-Mg_3.00_sto-6g_as-018-012.pickle". Trying to load "Mg-Mg_3.00_sto-6g.pickle".
2026-05-27 22:59:41,263    INFO | Could not load "Mg-Mg_3.00_sto-6g.pickle".  Recomputing from the beginning.
2026-05-27 22:59:41,263    INFO | Perform Hartree-Fock calculation.
2026-05-27 22:59:41,263 VERBOSE | Construct instance of MolecularData.
2026-05-27 22:59:41,843 VERBOSE | geometry: 
           ('Mg', (-1.5, 0.0, 0.0))
           ('Mg', (1.5, 0.0, 0.0))
2026-05-27 22:59:41,844 VERBOSE | Construct instance of PyscfMolecularData.
2026-05-27 22:59:42,079    INFO | Hartree-Fock energy from run_pyscf = -394.06122800657914
2026-05-27 22:59:42,079    INFO | Pickle to "Mg-Mg_3.00_sto-6g.pickle" file.
2026-05-27 22:59:42,080    INFO | Apply active space.
2026-05-27 22:59:42,080 VERBOSE | Define active space.
2026-05-27 22:59:42,080    INFO | single-occupancy (spin) orbital counts:
                 total   active  frozen
   num orbitals      36      30       6
   num occupied      24      18       6
   num vacant        12      12       0
2026-05-27 22:59:42,080 VERBOSE | single-occupancy (spin) orbital indices:
   frozen occupied  [ 0,  6)
   active occupied  [ 6, 24)
   active vacant    [24, 36)
   frozen vacant    [36, 36)
2026-05-27 22:59:42,081 VERBOSE | double-occupancy (spatial) orbital indices:
   frozen occupied  [ 0,  3)
   active total     [ 3, 18)
2026-05-27 22:59:42,081 VERBOSE | Build instance of InteractionOperator.
2026-05-27 22:59:42,146    INFO | Pickle to "Mg-Mg_3.00_sto-6g_as-018-012.pickle" file.
2026-05-27 22:59:42,187    INFO | Map fermionic operators to qubit operators.
2026-05-27 22:59:44,759    INFO | Generate sum of Pauli strings.
2026-05-27 22:59:44,761    INFO | metadata:
{  'Hartree-Fock energy (Hartrees)': -394.06122800657914,
   'basis set': 'sto-6g',
   'eigenvalue lower bound from shifted one-norm (Hartrees)': np.float64(-525.5084981969144),
   'eigenvalue upper bound from shifted one-norm (Hartrees)': np.float64(-211.44291110534618),
   'fermion-to-qubit operator mapping': 'jordan-wigner',
   'interatomic separation (angstroms)': 3.0,
   'number of active, occupied, single-occupancy orbitals': 18,
   'number of active, vacant, single-occupancy orbitals': 12,
   'number of frozen, occupied, single-occupancy orbitals': 6,
   'number of frozen, vacant, single-occupancy orbitals': 0,
   'number of qubits': 30,
   'number of terms in sum of Pauli strings': 16566,
   'one-norm of sum of Pauli strings (Hartrees)': np.float64(525.5084981969144),
   'runtime for Hartree-Fock calculation (seconds)': 0.8163690567016602,
   'runtime for active space calculation (seconds)': 0.06561565399169922,
   'runtime for fermion-to-qubit calculation (seconds)': 2.5722949504852295,
   'size of active space': 30}
2026-05-27 22:59:44,762    INFO | Save sum of Pauli strings to data file "Mg-Mg_3.00_sto-6g_as-018-012_jw.dat".
2026-05-27 22:59:44,822    INFO | Skipping initial state vector generation.
2026-05-27 22:59:44,822    INFO | Hamiltonian generation complete.
