2026-05-27 22:59:30,424    INFO | Running script with git hash 177944fe4ae3de88b128cad9054665bd843c9b3f
2026-05-27 22:59:30,424    INFO | Writing to file stub "Mg-Mg_3.00_sto-6g" in format "default".
2026-05-27 22:59:30,424    INFO | Contents of configuration file "/home/abhijith/Code/qhat/library_pilot/012-012_Mg-Mg/28q/sto-6g/Mg-Mg_3.00_sto-6g_as-016-012_jw.config":
general.print_verbose()
general.logfile = "Mg-Mg_3.00_sto-6g_as-016-012_jw.log"
general.file_stub = "Mg-Mg_3.00_sto-6g"
general.file_format = "default"
general.write_initial_state = False
L = 3.00000000
hamiltonian.add_atom("Mg", -0.5 * L, 0.0, 0.0)
hamiltonian.add_atom("Mg",  0.5 * L, 0.0, 0.0)
hamiltonian.basis = "sto-6g"
hamiltonian.num_active_occupied = 16
hamiltonian.num_active_vacant = 12
hamiltonian.f2q_mapping = "JW"
2026-05-27 22:59:30,424    INFO | Trying to load "Mg-Mg_3.00_sto-6g_as-016-012.pickle".
2026-05-27 22:59:30,424    INFO | Could not load "Mg-Mg_3.00_sto-6g_as-016-012.pickle". Trying to load "Mg-Mg_3.00_sto-6g.pickle".
2026-05-27 22:59:30,424    INFO | Could not load "Mg-Mg_3.00_sto-6g.pickle".  Recomputing from the beginning.
2026-05-27 22:59:30,424    INFO | Perform Hartree-Fock calculation.
2026-05-27 22:59:30,424 VERBOSE | Construct instance of MolecularData.
2026-05-27 22:59:31,056 VERBOSE | geometry: 
           ('Mg', (-1.5, 0.0, 0.0))
           ('Mg', (1.5, 0.0, 0.0))
2026-05-27 22:59:31,056 VERBOSE | Construct instance of PyscfMolecularData.
2026-05-27 22:59:31,319    INFO | Hartree-Fock energy from run_pyscf = -394.06122800657914
2026-05-27 22:59:31,320    INFO | Pickle to "Mg-Mg_3.00_sto-6g.pickle" file.
2026-05-27 22:59:31,320    INFO | Apply active space.
2026-05-27 22:59:31,320 VERBOSE | Define active space.
2026-05-27 22:59:31,320    INFO | single-occupancy (spin) orbital counts:
                 total   active  frozen
   num orbitals      36      28       8
   num occupied      24      16       8
   num vacant        12      12       0
2026-05-27 22:59:31,321 VERBOSE | single-occupancy (spin) orbital indices:
   frozen occupied  [ 0,  8)
   active occupied  [ 8, 24)
   active vacant    [24, 36)
   frozen vacant    [36, 36)
2026-05-27 22:59:31,321 VERBOSE | double-occupancy (spatial) orbital indices:
   frozen occupied  [ 0,  4)
   active total     [ 4, 18)
2026-05-27 22:59:31,321 VERBOSE | Build instance of InteractionOperator.
2026-05-27 22:59:31,372    INFO | Pickle to "Mg-Mg_3.00_sto-6g_as-016-012.pickle" file.
2026-05-27 22:59:31,402    INFO | Map fermionic operators to qubit operators.
2026-05-27 22:59:33,294    INFO | Generate sum of Pauli strings.
2026-05-27 22:59:33,295    INFO | metadata:
{  'Hartree-Fock energy (Hartrees)': -394.06122800657914,
   'basis set': 'sto-6g',
   'eigenvalue lower bound from shifted one-norm (Hartrees)': np.float64(-495.3696373324783),
   'eigenvalue upper bound from shifted one-norm (Hartrees)': np.float64(-254.04862852831957),
   'fermion-to-qubit operator mapping': 'jordan-wigner',
   'interatomic separation (angstroms)': 3.0,
   'number of active, occupied, single-occupancy orbitals': 16,
   'number of active, vacant, single-occupancy orbitals': 12,
   'number of frozen, occupied, single-occupancy orbitals': 8,
   'number of frozen, vacant, single-occupancy orbitals': 0,
   'number of qubits': 28,
   'number of terms in sum of Pauli strings': 12615,
   'one-norm of sum of Pauli strings (Hartrees)': np.float64(495.3696373324783),
   'runtime for Hartree-Fock calculation (seconds)': 0.8953037261962891,
   'runtime for active space calculation (seconds)': 0.05159759521484375,
   'runtime for fermion-to-qubit calculation (seconds)': 1.8914270401000977,
   'size of active space': 28}
2026-05-27 22:59:33,296    INFO | Save sum of Pauli strings to data file "Mg-Mg_3.00_sto-6g_as-016-012_jw.dat".
2026-05-27 22:59:33,334    INFO | Skipping initial state vector generation.
2026-05-27 22:59:33,334    INFO | Hamiltonian generation complete.
