2026-05-27 22:58:31,490    INFO | Running script with git hash 177944fe4ae3de88b128cad9054665bd843c9b3f
2026-05-27 22:58:31,490    INFO | Writing to file stub "Li-Li_2.90_sto-6g" in format "default".
2026-05-27 22:58:31,490    INFO | Contents of configuration file "/home/abhijith/Code/qhat/library_pilot/003-003_Li-Li/10q/sto-6g/Li-Li_2.90_sto-6g_as-004-006_jw.config":
general.print_verbose()
general.logfile = "Li-Li_2.90_sto-6g_as-004-006_jw.log"
general.file_stub = "Li-Li_2.90_sto-6g"
general.file_format = "default"
general.write_initial_state = False
L = 2.90000000
hamiltonian.add_atom("Li", -0.5 * L, 0.0, 0.0)
hamiltonian.add_atom("Li",  0.5 * L, 0.0, 0.0)
hamiltonian.basis = "sto-6g"
hamiltonian.num_active_occupied = 4
hamiltonian.num_active_vacant = 6
hamiltonian.f2q_mapping = "JW"
2026-05-27 22:58:31,490    INFO | Trying to load "Li-Li_2.90_sto-6g_as-004-006.pickle".
2026-05-27 22:58:31,490    INFO | Could not load "Li-Li_2.90_sto-6g_as-004-006.pickle". Trying to load "Li-Li_2.90_sto-6g.pickle".
2026-05-27 22:58:31,491    INFO | Could not load "Li-Li_2.90_sto-6g.pickle".  Recomputing from the beginning.
2026-05-27 22:58:31,491    INFO | Perform Hartree-Fock calculation.
2026-05-27 22:58:31,491 VERBOSE | Construct instance of MolecularData.
2026-05-27 22:58:31,934 VERBOSE | geometry: 
           ('Li', (-1.45, 0.0, 0.0))
           ('Li', (1.45, 0.0, 0.0))
2026-05-27 22:58:31,934 VERBOSE | Construct instance of PyscfMolecularData.
2026-05-27 22:58:32,093    INFO | Hartree-Fock energy from run_pyscf = -14.807331748439669
2026-05-27 22:58:32,094    INFO | Pickle to "Li-Li_2.90_sto-6g.pickle" file.
2026-05-27 22:58:32,094    INFO | Apply active space.
2026-05-27 22:58:32,094 VERBOSE | Define active space.
2026-05-27 22:58:32,095    INFO | single-occupancy (spin) orbital counts:
                 total   active  frozen
   num orbitals      20      10      10
   num occupied       6       4       2
   num vacant        14       6       8
2026-05-27 22:58:32,095 VERBOSE | single-occupancy (spin) orbital indices:
   frozen occupied  [ 0,  2)
   active occupied  [ 2,  6)
   active vacant    [ 6, 12)
   frozen vacant    [12, 20)
2026-05-27 22:58:32,095 VERBOSE | double-occupancy (spatial) orbital indices:
   frozen occupied  [ 0,  1)
   active total     [ 1,  6)
2026-05-27 22:58:32,095 VERBOSE | Build instance of InteractionOperator.
2026-05-27 22:58:32,096    INFO | Pickle to "Li-Li_2.90_sto-6g_as-004-006.pickle" file.
2026-05-27 22:58:32,098    INFO | Map fermionic operators to qubit operators.
2026-05-27 22:58:32,121    INFO | Generate sum of Pauli strings.
2026-05-27 22:58:32,121    INFO | metadata:
{  'Hartree-Fock energy (Hartrees)': -14.807331748439669,
   'basis set': 'sto-6g',
   'eigenvalue lower bound from shifted one-norm (Hartrees)': np.float64(-18.072985467257784),
   'eigenvalue upper bound from shifted one-norm (Hartrees)': np.float64(-5.933616788404098),
   'fermion-to-qubit operator mapping': 'jordan-wigner',
   'interatomic separation (angstroms)': 2.9,
   'number of active, occupied, single-occupancy orbitals': 4,
   'number of active, vacant, single-occupancy orbitals': 6,
   'number of frozen, occupied, single-occupancy orbitals': 2,
   'number of frozen, vacant, single-occupancy orbitals': 8,
   'number of qubits': 10,
   'number of terms in sum of Pauli strings': 156,
   'one-norm of sum of Pauli strings (Hartrees)': np.float64(18.072985467257784),
   'runtime for Hartree-Fock calculation (seconds)': 0.6026630401611328,
   'runtime for active space calculation (seconds)': 0.0017309188842773438,
   'runtime for fermion-to-qubit calculation (seconds)': 0.023377418518066406,
   'size of active space': 10}
2026-05-27 22:58:32,122    INFO | Save sum of Pauli strings to data file "Li-Li_2.90_sto-6g_as-004-006_jw.dat".
2026-05-27 22:58:32,122    INFO | Skipping initial state vector generation.
2026-05-27 22:58:32,122    INFO | Hamiltonian generation complete.
