2026-05-27 22:58:50,779    INFO | Running script with git hash 177944fe4ae3de88b128cad9054665bd843c9b3f
2026-05-27 22:58:50,780    INFO | Writing to file stub "Li-Li_2.90_sto-6g" in format "default".
2026-05-27 22:58:50,780    INFO | Contents of configuration file "/home/abhijith/Code/qhat/library_pilot/003-003_Li-Li/16q/sto-6g/Li-Li_2.90_sto-6g_as-006-010_jw.config":
general.print_verbose()
general.logfile = "Li-Li_2.90_sto-6g_as-006-010_jw.log"
general.file_stub = "Li-Li_2.90_sto-6g"
general.file_format = "default"
general.write_initial_state = False
L = 2.90000000
hamiltonian.add_atom("Li", -0.5 * L, 0.0, 0.0)
hamiltonian.add_atom("Li",  0.5 * L, 0.0, 0.0)
hamiltonian.basis = "sto-6g"
hamiltonian.num_active_occupied = 6
hamiltonian.num_active_vacant = 10
hamiltonian.f2q_mapping = "JW"
2026-05-27 22:58:50,780    INFO | Trying to load "Li-Li_2.90_sto-6g_as-006-010.pickle".
2026-05-27 22:58:50,780    INFO | Could not load "Li-Li_2.90_sto-6g_as-006-010.pickle". Trying to load "Li-Li_2.90_sto-6g.pickle".
2026-05-27 22:58:50,780    INFO | Could not load "Li-Li_2.90_sto-6g.pickle".  Recomputing from the beginning.
2026-05-27 22:58:50,780    INFO | Perform Hartree-Fock calculation.
2026-05-27 22:58:50,780 VERBOSE | Construct instance of MolecularData.
2026-05-27 22:58:51,192 VERBOSE | geometry: 
           ('Li', (-1.45, 0.0, 0.0))
           ('Li', (1.45, 0.0, 0.0))
2026-05-27 22:58:51,192 VERBOSE | Construct instance of PyscfMolecularData.
2026-05-27 22:58:51,300    INFO | Hartree-Fock energy from run_pyscf = -14.807331748439669
2026-05-27 22:58:51,300    INFO | Pickle to "Li-Li_2.90_sto-6g.pickle" file.
2026-05-27 22:58:51,300    INFO | Apply active space.
2026-05-27 22:58:51,300 VERBOSE | Define active space.
2026-05-27 22:58:51,300    INFO | single-occupancy (spin) orbital counts:
                 total   active  frozen
   num orbitals      20      16       4
   num occupied       6       6       0
   num vacant        14      10       4
2026-05-27 22:58:51,301 VERBOSE | single-occupancy (spin) orbital indices:
   frozen occupied  [ 0,  0)
   active occupied  [ 0,  6)
   active vacant    [ 6, 16)
   frozen vacant    [16, 20)
2026-05-27 22:58:51,301 VERBOSE | double-occupancy (spatial) orbital indices:
   frozen occupied  [ 0,  0)
   active total     [ 0,  8)
2026-05-27 22:58:51,301 VERBOSE | Build instance of InteractionOperator.
2026-05-27 22:58:51,306    INFO | Pickle to "Li-Li_2.90_sto-6g_as-006-010.pickle" file.
2026-05-27 22:58:51,310    INFO | Map fermionic operators to qubit operators.
2026-05-27 22:58:51,476    INFO | Generate sum of Pauli strings.
2026-05-27 22:58:51,476    INFO | metadata:
{  'Hartree-Fock energy (Hartrees)': -14.807331748439669,
   'basis set': 'sto-6g',
   'eigenvalue lower bound from shifted one-norm (Hartrees)': np.float64(-28.892755228773467),
   'eigenvalue upper bound from shifted one-norm (Hartrees)': np.float64(10.86776370802693),
   'fermion-to-qubit operator mapping': 'jordan-wigner',
   'interatomic separation (angstroms)': 2.9,
   'number of active, occupied, single-occupancy orbitals': 6,
   'number of active, vacant, single-occupancy orbitals': 10,
   'number of frozen, occupied, single-occupancy orbitals': 0,
   'number of frozen, vacant, single-occupancy orbitals': 4,
   'number of qubits': 16,
   'number of terms in sum of Pauli strings': 1241,
   'one-norm of sum of Pauli strings (Hartrees)': np.float64(28.892755228773467),
   'runtime for Hartree-Fock calculation (seconds)': 0.5194110870361328,
   'runtime for active space calculation (seconds)': 0.0061550140380859375,
   'runtime for fermion-to-qubit calculation (seconds)': 0.16562962532043457,
   'size of active space': 16}
2026-05-27 22:58:51,476    INFO | Save sum of Pauli strings to data file "Li-Li_2.90_sto-6g_as-006-010_jw.dat".
2026-05-27 22:58:51,480    INFO | Skipping initial state vector generation.
2026-05-27 22:58:51,480    INFO | Hamiltonian generation complete.
