2026-05-27 23:00:25,205    INFO | Running script with git hash 177944fe4ae3de88b128cad9054665bd843c9b3f
2026-05-27 23:00:25,205    INFO | Writing to file stub "Be-Be_2.10_sto-6g" in format "default".
2026-05-27 23:00:25,205    INFO | Contents of configuration file "/home/abhijith/Code/qhat/library_pilot/004-004_Be-Be/12q/sto-6g/Be-Be_2.10_sto-6g_as-004-008_jw.config":
general.print_verbose()
general.logfile = "Be-Be_2.10_sto-6g_as-004-008_jw.log"
general.file_stub = "Be-Be_2.10_sto-6g"
general.file_format = "default"
general.write_initial_state = False
L = 2.10000000
hamiltonian.add_atom("Be", -0.5 * L, 0.0, 0.0)
hamiltonian.add_atom("Be",  0.5 * L, 0.0, 0.0)
hamiltonian.basis = "sto-6g"
hamiltonian.num_active_occupied = 4
hamiltonian.num_active_vacant = 8
hamiltonian.f2q_mapping = "JW"
2026-05-27 23:00:25,205    INFO | Trying to load "Be-Be_2.10_sto-6g_as-004-008.pickle".
2026-05-27 23:00:25,205    INFO | Could not load "Be-Be_2.10_sto-6g_as-004-008.pickle". Trying to load "Be-Be_2.10_sto-6g.pickle".
2026-05-27 23:00:25,206    INFO | Could not load "Be-Be_2.10_sto-6g.pickle".  Recomputing from the beginning.
2026-05-27 23:00:25,206    INFO | Perform Hartree-Fock calculation.
2026-05-27 23:00:25,206 VERBOSE | Construct instance of MolecularData.
2026-05-27 23:00:25,657 VERBOSE | geometry: 
           ('Be', (-1.05, 0.0, 0.0))
           ('Be', (1.05, 0.0, 0.0))
2026-05-27 23:00:25,657 VERBOSE | Construct instance of PyscfMolecularData.
2026-05-27 23:00:25,748    INFO | Hartree-Fock energy from run_pyscf = -28.985899037125787
2026-05-27 23:00:25,749    INFO | Pickle to "Be-Be_2.10_sto-6g.pickle" file.
2026-05-27 23:00:25,749    INFO | Apply active space.
2026-05-27 23:00:25,749 VERBOSE | Define active space.
2026-05-27 23:00:25,749    INFO | single-occupancy (spin) orbital counts:
                 total   active  frozen
   num orbitals      20      12       8
   num occupied       8       4       4
   num vacant        12       8       4
2026-05-27 23:00:25,749 VERBOSE | single-occupancy (spin) orbital indices:
   frozen occupied  [ 0,  4)
   active occupied  [ 4,  8)
   active vacant    [ 8, 16)
   frozen vacant    [16, 20)
2026-05-27 23:00:25,749 VERBOSE | double-occupancy (spatial) orbital indices:
   frozen occupied  [ 0,  2)
   active total     [ 2,  8)
2026-05-27 23:00:25,749 VERBOSE | Build instance of InteractionOperator.
2026-05-27 23:00:25,752    INFO | Pickle to "Be-Be_2.10_sto-6g_as-004-008.pickle" file.
2026-05-27 23:00:25,753    INFO | Map fermionic operators to qubit operators.
2026-05-27 23:00:25,800    INFO | Generate sum of Pauli strings.
2026-05-27 23:00:25,801    INFO | metadata:
{  'Hartree-Fock energy (Hartrees)': -28.985899037125787,
   'basis set': 'sto-6g',
   'eigenvalue lower bound from shifted one-norm (Hartrees)': np.float64(-38.38702907354836),
   'eigenvalue upper bound from shifted one-norm (Hartrees)': np.float64(-16.652517909955804),
   'fermion-to-qubit operator mapping': 'jordan-wigner',
   'interatomic separation (angstroms)': 2.1,
   'number of active, occupied, single-occupancy orbitals': 4,
   'number of active, vacant, single-occupancy orbitals': 8,
   'number of frozen, occupied, single-occupancy orbitals': 4,
   'number of frozen, vacant, single-occupancy orbitals': 4,
   'number of qubits': 12,
   'number of terms in sum of Pauli strings': 379,
   'one-norm of sum of Pauli strings (Hartrees)': np.float64(38.38702907354836),
   'runtime for Hartree-Fock calculation (seconds)': 0.5426878929138184,
   'runtime for active space calculation (seconds)': 0.0024764537811279297,
   'runtime for fermion-to-qubit calculation (seconds)': 0.0469973087310791,
   'size of active space': 12}
2026-05-27 23:00:25,801    INFO | Save sum of Pauli strings to data file "Be-Be_2.10_sto-6g_as-004-008_jw.dat".
2026-05-27 23:00:25,802    INFO | Skipping initial state vector generation.
2026-05-27 23:00:25,802    INFO | Hamiltonian generation complete.
