2026-05-27 22:59:56,627    INFO | Running script with git hash 177944fe4ae3de88b128cad9054665bd843c9b3f
2026-05-27 22:59:56,627    INFO | Writing to file stub "C-H_0.95_sto-6g" in format "default".
2026-05-27 22:59:56,627    INFO | Contents of configuration file "/home/abhijith/Code/qhat/library_pilot/006-001_C-H/02q/sto-6g/C-H_0.95_sto-6g_as-001-001_bk.config":
general.print_verbose()
general.logfile = "C-H_0.95_sto-6g_as-001-001_bk.log"
general.file_stub = "C-H_0.95_sto-6g"
general.file_format = "default"
general.write_initial_state = False
L = 0.95000000
hamiltonian.add_atom("C", -0.5 * L, 0.0, 0.0)
hamiltonian.add_atom("H",  0.5 * L, 0.0, 0.0)
hamiltonian.basis = "sto-6g"
hamiltonian.num_active_occupied = 1
hamiltonian.num_active_vacant = 1
hamiltonian.f2q_mapping = "BK"
2026-05-27 22:59:56,627    INFO | Trying to load "C-H_0.95_sto-6g_as-001-001.pickle".
2026-05-27 22:59:56,627    INFO | Loaded "C-H_0.95_sto-6g_as-001-001.pickle". Continuing from after the active space is applied.
2026-05-27 22:59:56,627    INFO | Map fermionic operators to qubit operators.
2026-05-27 22:59:56,627    INFO | Generate sum of Pauli strings.
2026-05-27 22:59:56,627    INFO | metadata:
{  'Hartree-Fock energy (Hartrees)': -38.1114406111705,
   'basis set': 'sto-6g',
   'eigenvalue lower bound from shifted one-norm (Hartrees)': np.float64(-38.12620754686906),
   'eigenvalue upper bound from shifted one-norm (Hartrees)': np.float64(-37.76006476699498),
   'fermion-to-qubit operator mapping': 'bravyi-kitaev',
   'interatomic separation (angstroms)': 0.95,
   'number of active, occupied, single-occupancy orbitals': 1,
   'number of active, vacant, single-occupancy orbitals': 1,
   'number of frozen, occupied, single-occupancy orbitals': 6,
   'number of frozen, vacant, single-occupancy orbitals': 4,
   'number of qubits': 2,
   'number of terms in sum of Pauli strings': 4,
   'one-norm of sum of Pauli strings (Hartrees)': np.float64(38.12620754686906),
   'runtime for Hartree-Fock calculation (seconds)': 0.520017147064209,
   'runtime for active space calculation (seconds)': 0.00037670135498046875,
   'runtime for fermion-to-qubit calculation (seconds)': 0.0001704692840576172,
   'size of active space': 2}
2026-05-27 22:59:56,628    INFO | Save sum of Pauli strings to data file "C-H_0.95_sto-6g_as-001-001_bk.dat".
2026-05-27 22:59:56,628    INFO | Skipping initial state vector generation.
2026-05-27 22:59:56,628    INFO | Hamiltonian generation complete.
