2026-05-27 23:00:16,246    INFO | Running script with git hash 177944fe4ae3de88b128cad9054665bd843c9b3f
2026-05-27 23:00:16,246    INFO | Writing to file stub "Be-Be_2.10_sto-6g" in format "default".
2026-05-27 23:00:16,247    INFO | Contents of configuration file "/home/abhijith/Code/qhat/library_pilot/004-004_Be-Be/08q/sto-6g/Be-Be_2.10_sto-6g_as-004-004_bk.config":
general.print_verbose()
general.logfile = "Be-Be_2.10_sto-6g_as-004-004_bk.log"
general.file_stub = "Be-Be_2.10_sto-6g"
general.file_format = "default"
general.write_initial_state = False
L = 2.10000000
hamiltonian.add_atom("Be", -0.5 * L, 0.0, 0.0)
hamiltonian.add_atom("Be",  0.5 * L, 0.0, 0.0)
hamiltonian.basis = "sto-6g"
hamiltonian.num_active_occupied = 4
hamiltonian.num_active_vacant = 4
hamiltonian.f2q_mapping = "BK"
2026-05-27 23:00:16,247    INFO | Trying to load "Be-Be_2.10_sto-6g_as-004-004.pickle".
2026-05-27 23:00:16,247    INFO | Loaded "Be-Be_2.10_sto-6g_as-004-004.pickle". Continuing from after the active space is applied.
2026-05-27 23:00:16,247    INFO | Map fermionic operators to qubit operators.
2026-05-27 23:00:16,254    INFO | Generate sum of Pauli strings.
2026-05-27 23:00:16,254    INFO | metadata:
{  'Hartree-Fock energy (Hartrees)': -28.985899037125794,
   'basis set': 'sto-6g',
   'eigenvalue lower bound from shifted one-norm (Hartrees)': np.float64(-31.507193250042736),
   'eigenvalue upper bound from shifted one-norm (Hartrees)': np.float64(-25.355642138964196),
   'fermion-to-qubit operator mapping': 'bravyi-kitaev',
   'interatomic separation (angstroms)': 2.1,
   'number of active, occupied, single-occupancy orbitals': 4,
   'number of active, vacant, single-occupancy orbitals': 4,
   'number of frozen, occupied, single-occupancy orbitals': 4,
   'number of frozen, vacant, single-occupancy orbitals': 8,
   'number of qubits': 8,
   'number of terms in sum of Pauli strings': 105,
   'one-norm of sum of Pauli strings (Hartrees)': np.float64(31.507193250042736),
   'runtime for Hartree-Fock calculation (seconds)': 0.5332262516021729,
   'runtime for active space calculation (seconds)': 0.0010976791381835938,
   'runtime for fermion-to-qubit calculation (seconds)': 0.006914615631103516,
   'size of active space': 8}
2026-05-27 23:00:16,254    INFO | Save sum of Pauli strings to data file "Be-Be_2.10_sto-6g_as-004-004_bk.dat".
2026-05-27 23:00:16,255    INFO | Skipping initial state vector generation.
2026-05-27 23:00:16,255    INFO | Hamiltonian generation complete.
