2026-05-27 22:58:09,625    INFO | Running script with git hash 177944fe4ae3de88b128cad9054665bd843c9b3f
2026-05-27 22:58:09,625    INFO | Writing to file stub "Be-H_1.30_sto-6g" in format "default".
2026-05-27 22:58:09,626    INFO | Contents of configuration file "/home/abhijith/Code/qhat/library_pilot/004-001_Be-H/02q/sto-6g/Be-H_1.30_sto-6g_as-001-001_bk.config":
general.print_verbose()
general.logfile = "Be-H_1.30_sto-6g_as-001-001_bk.log"
general.file_stub = "Be-H_1.30_sto-6g"
general.file_format = "default"
general.write_initial_state = False
L = 1.30000000
hamiltonian.add_atom("Be", -0.5 * L, 0.0, 0.0)
hamiltonian.add_atom("H",  0.5 * L, 0.0, 0.0)
hamiltonian.basis = "sto-6g"
hamiltonian.num_active_occupied = 1
hamiltonian.num_active_vacant = 1
hamiltonian.f2q_mapping = "BK"
2026-05-27 22:58:09,626    INFO | Trying to load "Be-H_1.30_sto-6g_as-001-001.pickle".
2026-05-27 22:58:09,626    INFO | Loaded "Be-H_1.30_sto-6g_as-001-001.pickle". Continuing from after the active space is applied.
2026-05-27 22:58:09,626    INFO | Map fermionic operators to qubit operators.
2026-05-27 22:58:09,626    INFO | Generate sum of Pauli strings.
2026-05-27 22:58:09,626    INFO | metadata:
{  'Hartree-Fock energy (Hartrees)': -15.09469588692368,
   'basis set': 'sto-6g',
   'eigenvalue lower bound from shifted one-norm (Hartrees)': np.float64(-15.131522906141244),
   'eigenvalue upper bound from shifted one-norm (Hartrees)': np.float64(-14.815937043452857),
   'fermion-to-qubit operator mapping': 'bravyi-kitaev',
   'interatomic separation (angstroms)': 1.3,
   'number of active, occupied, single-occupancy orbitals': 1,
   'number of active, vacant, single-occupancy orbitals': 1,
   'number of frozen, occupied, single-occupancy orbitals': 4,
   'number of frozen, vacant, single-occupancy orbitals': 6,
   'number of qubits': 2,
   'number of terms in sum of Pauli strings': 4,
   'one-norm of sum of Pauli strings (Hartrees)': np.float64(15.131522906141244),
   'runtime for Hartree-Fock calculation (seconds)': 0.5413753986358643,
   'runtime for active space calculation (seconds)': 0.0007512569427490234,
   'runtime for fermion-to-qubit calculation (seconds)': 0.0001583099365234375,
   'size of active space': 2}
2026-05-27 22:58:09,627    INFO | Save sum of Pauli strings to data file "Be-H_1.30_sto-6g_as-001-001_bk.dat".
2026-05-27 22:58:09,627    INFO | Skipping initial state vector generation.
2026-05-27 22:58:09,627    INFO | Hamiltonian generation complete.
