2026-05-27 22:59:00,772    INFO | Running script with git hash 177944fe4ae3de88b128cad9054665bd843c9b3f
2026-05-27 22:59:00,772    INFO | Writing to file stub "Li-Li_2.90_sto-6g" in format "default".
2026-05-27 22:59:00,773    INFO | Contents of configuration file "/home/abhijith/Code/qhat/library_pilot/003-003_Li-Li/20q/sto-6g/Li-Li_2.90_sto-6g_as-006-014_bk.config":
general.print_verbose()
general.logfile = "Li-Li_2.90_sto-6g_as-006-014_bk.log"
general.file_stub = "Li-Li_2.90_sto-6g"
general.file_format = "default"
general.write_initial_state = False
L = 2.90000000
hamiltonian.add_atom("Li", -0.5 * L, 0.0, 0.0)
hamiltonian.add_atom("Li",  0.5 * L, 0.0, 0.0)
hamiltonian.basis = "sto-6g"
hamiltonian.num_active_occupied = 6
hamiltonian.num_active_vacant = 14
hamiltonian.f2q_mapping = "BK"
2026-05-27 22:59:00,773    INFO | Trying to load "Li-Li_2.90_sto-6g_as-006-014.pickle".
2026-05-27 22:59:00,773    INFO | Loaded "Li-Li_2.90_sto-6g_as-006-014.pickle". Continuing from after the active space is applied.
2026-05-27 22:59:00,773    INFO | Map fermionic operators to qubit operators.
2026-05-27 22:59:01,138    INFO | Generate sum of Pauli strings.
2026-05-27 22:59:01,139    INFO | metadata:
{  'Hartree-Fock energy (Hartrees)': -14.807331748439672,
   'basis set': 'sto-6g',
   'eigenvalue lower bound from shifted one-norm (Hartrees)': np.float64(-39.88134101138359),
   'eigenvalue upper bound from shifted one-norm (Hartrees)': np.float64(24.822952350473194),
   'fermion-to-qubit operator mapping': 'bravyi-kitaev',
   'interatomic separation (angstroms)': 2.9,
   'number of active, occupied, single-occupancy orbitals': 6,
   'number of active, vacant, single-occupancy orbitals': 14,
   'number of frozen, occupied, single-occupancy orbitals': 0,
   'number of frozen, vacant, single-occupancy orbitals': 0,
   'number of qubits': 20,
   'number of terms in sum of Pauli strings': 2951,
   'one-norm of sum of Pauli strings (Hartrees)': np.float64(39.88134101138359),
   'runtime for Hartree-Fock calculation (seconds)': 0.512758731842041,
   'runtime for active space calculation (seconds)': 0.013329744338989258,
   'runtime for fermion-to-qubit calculation (seconds)': 0.3649132251739502,
   'size of active space': 20}
2026-05-27 22:59:01,139    INFO | Save sum of Pauli strings to data file "Li-Li_2.90_sto-6g_as-006-014_bk.dat".
2026-05-27 22:59:01,148    INFO | Skipping initial state vector generation.
2026-05-27 22:59:01,148    INFO | Hamiltonian generation complete.
