2026-05-27 22:59:04,049    INFO | Running script with git hash 177944fe4ae3de88b128cad9054665bd843c9b3f
2026-05-27 22:59:04,049    INFO | Writing to file stub "Mg-Mg_3.00_sto-6g" in format "default".
2026-05-27 22:59:04,049    INFO | Contents of configuration file "/home/abhijith/Code/qhat/library_pilot/012-012_Mg-Mg/22q/sto-6g/Mg-Mg_3.00_sto-6g_as-010-012_jw.config":
general.print_verbose()
general.logfile = "Mg-Mg_3.00_sto-6g_as-010-012_jw.log"
general.file_stub = "Mg-Mg_3.00_sto-6g"
general.file_format = "default"
general.write_initial_state = False
L = 3.00000000
hamiltonian.add_atom("Mg", -0.5 * L, 0.0, 0.0)
hamiltonian.add_atom("Mg",  0.5 * L, 0.0, 0.0)
hamiltonian.basis = "sto-6g"
hamiltonian.num_active_occupied = 10
hamiltonian.num_active_vacant = 12
hamiltonian.f2q_mapping = "JW"
2026-05-27 22:59:04,049    INFO | Trying to load "Mg-Mg_3.00_sto-6g_as-010-012.pickle".
2026-05-27 22:59:04,050    INFO | Could not load "Mg-Mg_3.00_sto-6g_as-010-012.pickle". Trying to load "Mg-Mg_3.00_sto-6g.pickle".
2026-05-27 22:59:04,050    INFO | Could not load "Mg-Mg_3.00_sto-6g.pickle".  Recomputing from the beginning.
2026-05-27 22:59:04,050    INFO | Perform Hartree-Fock calculation.
2026-05-27 22:59:04,050 VERBOSE | Construct instance of MolecularData.
2026-05-27 22:59:04,578 VERBOSE | geometry: 
           ('Mg', (-1.5, 0.0, 0.0))
           ('Mg', (1.5, 0.0, 0.0))
2026-05-27 22:59:04,578 VERBOSE | Construct instance of PyscfMolecularData.
2026-05-27 22:59:04,789    INFO | Hartree-Fock energy from run_pyscf = -394.06122800657914
2026-05-27 22:59:04,790    INFO | Pickle to "Mg-Mg_3.00_sto-6g.pickle" file.
2026-05-27 22:59:04,790    INFO | Apply active space.
2026-05-27 22:59:04,791 VERBOSE | Define active space.
2026-05-27 22:59:04,791    INFO | single-occupancy (spin) orbital counts:
                 total   active  frozen
   num orbitals      36      22      14
   num occupied      24      10      14
   num vacant        12      12       0
2026-05-27 22:59:04,791 VERBOSE | single-occupancy (spin) orbital indices:
   frozen occupied  [ 0, 14)
   active occupied  [14, 24)
   active vacant    [24, 36)
   frozen vacant    [36, 36)
2026-05-27 22:59:04,791 VERBOSE | double-occupancy (spatial) orbital indices:
   frozen occupied  [ 0,  7)
   active total     [ 7, 18)
2026-05-27 22:59:04,791 VERBOSE | Build instance of InteractionOperator.
2026-05-27 22:59:04,822    INFO | Pickle to "Mg-Mg_3.00_sto-6g_as-010-012.pickle" file.
2026-05-27 22:59:04,834    INFO | Map fermionic operators to qubit operators.
2026-05-27 22:59:05,486    INFO | Generate sum of Pauli strings.
2026-05-27 22:59:05,488    INFO | metadata:
{  'Hartree-Fock energy (Hartrees)': -394.06122800657914,
   'basis set': 'sto-6g',
   'eigenvalue lower bound from shifted one-norm (Hartrees)': np.float64(-430.57559526956385),
   'eigenvalue upper bound from shifted one-norm (Hartrees)': np.float64(-338.76727787779026),
   'fermion-to-qubit operator mapping': 'jordan-wigner',
   'interatomic separation (angstroms)': 3.0,
   'number of active, occupied, single-occupancy orbitals': 10,
   'number of active, vacant, single-occupancy orbitals': 12,
   'number of frozen, occupied, single-occupancy orbitals': 14,
   'number of frozen, vacant, single-occupancy orbitals': 0,
   'number of qubits': 22,
   'number of terms in sum of Pauli strings': 4634,
   'one-norm of sum of Pauli strings (Hartrees)': np.float64(430.57559526956385),
   'runtime for Hartree-Fock calculation (seconds)': 0.7396795749664307,
   'runtime for active space calculation (seconds)': 0.031229496002197266,
   'runtime for fermion-to-qubit calculation (seconds)': 0.6510627269744873,
   'size of active space': 22}
2026-05-27 22:59:05,488    INFO | Save sum of Pauli strings to data file "Mg-Mg_3.00_sto-6g_as-010-012_jw.dat".
2026-05-27 22:59:05,501    INFO | Skipping initial state vector generation.
2026-05-27 22:59:05,502    INFO | Hamiltonian generation complete.
