2026-05-27 22:59:08,404    INFO | Running script with git hash 177944fe4ae3de88b128cad9054665bd843c9b3f
2026-05-27 22:59:08,404    INFO | Writing to file stub "Mg-Mg_3.00_sto-6g" in format "default".
2026-05-27 22:59:08,404    INFO | Contents of configuration file "/home/abhijith/Code/qhat/library_pilot/012-012_Mg-Mg/22q/sto-6g/Mg-Mg_3.00_sto-6g_as-010-012_bk.config":
general.print_verbose()
general.logfile = "Mg-Mg_3.00_sto-6g_as-010-012_bk.log"
general.file_stub = "Mg-Mg_3.00_sto-6g"
general.file_format = "default"
general.write_initial_state = False
L = 3.00000000
hamiltonian.add_atom("Mg", -0.5 * L, 0.0, 0.0)
hamiltonian.add_atom("Mg",  0.5 * L, 0.0, 0.0)
hamiltonian.basis = "sto-6g"
hamiltonian.num_active_occupied = 10
hamiltonian.num_active_vacant = 12
hamiltonian.f2q_mapping = "BK"
2026-05-27 22:59:08,404    INFO | Trying to load "Mg-Mg_3.00_sto-6g_as-010-012.pickle".
2026-05-27 22:59:08,405    INFO | Loaded "Mg-Mg_3.00_sto-6g_as-010-012.pickle". Continuing from after the active space is applied.
2026-05-27 22:59:08,405    INFO | Map fermionic operators to qubit operators.
2026-05-27 22:59:08,982    INFO | Generate sum of Pauli strings.
2026-05-27 22:59:08,983    INFO | metadata:
{  'Hartree-Fock energy (Hartrees)': -394.06122800657914,
   'basis set': 'sto-6g',
   'eigenvalue lower bound from shifted one-norm (Hartrees)': np.float64(-430.5755952695639),
   'eigenvalue upper bound from shifted one-norm (Hartrees)': np.float64(-338.7672778777903),
   'fermion-to-qubit operator mapping': 'bravyi-kitaev',
   'interatomic separation (angstroms)': 3.0,
   'number of active, occupied, single-occupancy orbitals': 10,
   'number of active, vacant, single-occupancy orbitals': 12,
   'number of frozen, occupied, single-occupancy orbitals': 14,
   'number of frozen, vacant, single-occupancy orbitals': 0,
   'number of qubits': 22,
   'number of terms in sum of Pauli strings': 4634,
   'one-norm of sum of Pauli strings (Hartrees)': np.float64(430.5755952695639),
   'runtime for Hartree-Fock calculation (seconds)': 0.7396795749664307,
   'runtime for active space calculation (seconds)': 0.031229496002197266,
   'runtime for fermion-to-qubit calculation (seconds)': 0.5773699283599854,
   'size of active space': 22}
2026-05-27 22:59:08,983    INFO | Save sum of Pauli strings to data file "Mg-Mg_3.00_sto-6g_as-010-012_bk.dat".
2026-05-27 22:59:08,997    INFO | Skipping initial state vector generation.
2026-05-27 22:59:08,997    INFO | Hamiltonian generation complete.
