2026-05-27 22:58:37,929    INFO | Running script with git hash 177944fe4ae3de88b128cad9054665bd843c9b3f
2026-05-27 22:58:37,929    INFO | Writing to file stub "Li-Li_2.90_sto-6g" in format "default".
2026-05-27 22:58:37,929    INFO | Contents of configuration file "/home/abhijith/Code/qhat/library_pilot/003-003_Li-Li/12q/sto-6g/Li-Li_2.90_sto-6g_as-004-008_jw.config":
general.print_verbose()
general.logfile = "Li-Li_2.90_sto-6g_as-004-008_jw.log"
general.file_stub = "Li-Li_2.90_sto-6g"
general.file_format = "default"
general.write_initial_state = False
L = 2.90000000
hamiltonian.add_atom("Li", -0.5 * L, 0.0, 0.0)
hamiltonian.add_atom("Li",  0.5 * L, 0.0, 0.0)
hamiltonian.basis = "sto-6g"
hamiltonian.num_active_occupied = 4
hamiltonian.num_active_vacant = 8
hamiltonian.f2q_mapping = "JW"
2026-05-27 22:58:37,929    INFO | Trying to load "Li-Li_2.90_sto-6g_as-004-008.pickle".
2026-05-27 22:58:37,929    INFO | Could not load "Li-Li_2.90_sto-6g_as-004-008.pickle". Trying to load "Li-Li_2.90_sto-6g.pickle".
2026-05-27 22:58:37,929    INFO | Could not load "Li-Li_2.90_sto-6g.pickle".  Recomputing from the beginning.
2026-05-27 22:58:37,929    INFO | Perform Hartree-Fock calculation.
2026-05-27 22:58:37,929 VERBOSE | Construct instance of MolecularData.
2026-05-27 22:58:38,350 VERBOSE | geometry: 
           ('Li', (-1.45, 0.0, 0.0))
           ('Li', (1.45, 0.0, 0.0))
2026-05-27 22:58:38,351 VERBOSE | Construct instance of PyscfMolecularData.
2026-05-27 22:58:38,438    INFO | Hartree-Fock energy from run_pyscf = -14.807331748439672
2026-05-27 22:58:38,438    INFO | Pickle to "Li-Li_2.90_sto-6g.pickle" file.
2026-05-27 22:58:38,439    INFO | Apply active space.
2026-05-27 22:58:38,439 VERBOSE | Define active space.
2026-05-27 22:58:38,439    INFO | single-occupancy (spin) orbital counts:
                 total   active  frozen
   num orbitals      20      12       8
   num occupied       6       4       2
   num vacant        14       8       6
2026-05-27 22:58:38,439 VERBOSE | single-occupancy (spin) orbital indices:
   frozen occupied  [ 0,  2)
   active occupied  [ 2,  6)
   active vacant    [ 6, 14)
   frozen vacant    [14, 20)
2026-05-27 22:58:38,439 VERBOSE | double-occupancy (spatial) orbital indices:
   frozen occupied  [ 0,  1)
   active total     [ 1,  7)
2026-05-27 22:58:38,439 VERBOSE | Build instance of InteractionOperator.
2026-05-27 22:58:38,442    INFO | Pickle to "Li-Li_2.90_sto-6g_as-004-008.pickle" file.
2026-05-27 22:58:38,444    INFO | Map fermionic operators to qubit operators.
2026-05-27 22:58:38,495    INFO | Generate sum of Pauli strings.
2026-05-27 22:58:38,495    INFO | metadata:
{  'Hartree-Fock energy (Hartrees)': -14.807331748439672,
   'basis set': 'sto-6g',
   'eigenvalue lower bound from shifted one-norm (Hartrees)': np.float64(-20.50602733679785),
   'eigenvalue upper bound from shifted one-norm (Hartrees)': np.float64(-2.8490955588304914),
   'fermion-to-qubit operator mapping': 'jordan-wigner',
   'interatomic separation (angstroms)': 2.9,
   'number of active, occupied, single-occupancy orbitals': 4,
   'number of active, vacant, single-occupancy orbitals': 8,
   'number of frozen, occupied, single-occupancy orbitals': 2,
   'number of frozen, vacant, single-occupancy orbitals': 6,
   'number of qubits': 12,
   'number of terms in sum of Pauli strings': 367,
   'one-norm of sum of Pauli strings (Hartrees)': np.float64(20.50602733679785),
   'runtime for Hartree-Fock calculation (seconds)': 0.508955717086792,
   'runtime for active space calculation (seconds)': 0.002792835235595703,
   'runtime for fermion-to-qubit calculation (seconds)': 0.05098724365234375,
   'size of active space': 12}
2026-05-27 22:58:38,495    INFO | Save sum of Pauli strings to data file "Li-Li_2.90_sto-6g_as-004-008_jw.dat".
2026-05-27 22:58:38,496    INFO | Skipping initial state vector generation.
2026-05-27 22:58:38,496    INFO | Hamiltonian generation complete.
